src/components/print/templates/SalesReceiptTemplate.tsx(112,32): error TS2339: Property 'items' does not exist on type 'Order'.
src/components/print/templates/SalesReceiptTemplate.tsx(112,44): error TS7006: Parameter 'item' implicitly has an 'any' type.
src/components/print/templates/SalesReceiptTemplate.tsx(112,50): error TS7006: Parameter 'idx' implicitly has an 'any' type.
src/components/print/templates/SalesReceiptTemplate.tsx(267,28): error TS2339: Property 'items' does not exist on type 'Order'.
src/components/print/templates/SalesReceiptTemplate.tsx(267,40): error TS7006: Parameter 'item' implicitly has an 'any' type.
src/components/print/templates/SalesReceiptTemplate.tsx(267,46): error TS7006: Parameter 'idx' implicitly has an 'any' type.
src/components/print/templates/SalesReceiptTemplate.tsx(382,11): error TS2339: Property 'items' does not exist on type 'Order'.
src/components/print/templates/SalesReceiptTemplate.tsx(382,27): error TS7006: Parameter 'item' implicitly has an 'any' type.
src/components/print/templates/SalesReceiptTemplate.tsx(382,33): error TS7006: Parameter 'idx' implicitly has an 'any' type.
src/components/print/templates/StockCheckTemplate.tsx(85,25): error TS2551: Property 'showDifferenceValue' does not exist on type 'StockCheckConfig'. Did you mean 'showDifference'?
src/components/print/templates/StockCheckTemplate.tsx(150,21): error TS2551: Property 'showDifferenceValue' does not exist on type 'StockCheckConfig'. Did you mean 'showDifference'?
src/components/print/templates/StockCheckTemplate.tsx(185,25): error TS2339: Property 'showApprover' does not exist on type 'StockCheckConfig'.
src/lib/printService.ts(11,16): error TS2304: Cannot find name 'USBDevice'.
src/lib/printService.ts(30,40): error TS2339: Property 'usb' does not exist on type 'Navigator'.
src/lib/printService.ts(146,51): error TS7006: Parameter 'ep' implicitly has an 'any' type.
src/pages/EmployeesPage.tsx(254,21): error TS2322: Type '{ user: UserProfile; onClose: () => void; onEdit: () => void; onDelete: () => Promise<void>; onToggleActive: () => Promise<void>; }' is not assignable to type 'IntrinsicAttributes & { user: UserProfile; onClose: () => void; onEdit: () => void; onDelete: () => void; }'.
  Property 'onToggleActive' does not exist on type 'IntrinsicAttributes & { user: UserProfile; onClose: () => void; onEdit: () => void; onDelete: () => void; }'.
src/pages/EmployeesPage.tsx(428,34): error TS2774: This condition will always return true since this function is always defined. Did you mean to call it instead?
src/pages/POSPage.tsx(2050,84): error TS2367: This comparison appears to be unintentional because the types '"card"' and '"cash"' have no overlap.
src/pages/POSPage.tsx(2051,73): error TS2367: This comparison appears to be unintentional because the types '"transfer" | "card"' and '"debt"' have no overlap.
src/pages/POSPage.tsx(2067,84): error TS2367: This comparison appears to be unintentional because the types '"card"' and '"transfer"' have no overlap.
src/pages/POSPage.tsx(2068,73): error TS2367: This comparison appears to be unintentional because the types '"cash" | "card"' and '"debt"' have no overlap.
src/pages/POSPage.tsx(2085,73): error TS2367: This comparison appears to be unintentional because the types '"cash"' and '"debt"' have no overlap.
src/pages/POSPage.tsx(2100,86): error TS2367: This comparison appears to be unintentional because the types '"card"' and '"debt"' have no overlap.
src/pages/POSPage.tsx(2120,84): error TS2367: This comparison appears to be unintentional because the types '"card"' and '"debt"' have no overlap.
src/pages/PurchaseOrdersPage.tsx(1634,57): error TS2322: Type 'string | null | undefined' is not assignable to type 'string | undefined'.
  Type 'null' is not assignable to type 'string | undefined'.
src/pages/PurchaseOrdersPage.tsx(1636,57): error TS2322: Type 'string | null | undefined' is not assignable to type 'string | undefined'.
  Type 'null' is not assignable to type 'string | undefined'.
src/pages/PurchaseOrdersPage.tsx(1638,94): error TS2339: Property 'cost_price' does not exist on type 'ProductUnit'.
src/pages/PurchaseOrdersPage.tsx(1641,57): error TS2322: Type '{ id: string; unit_name: string; conversion_rate: number; } | undefined' is not assignable to type 'ProductUnit | undefined'.
  Type '{ id: string; unit_name: string; conversion_rate: number; }' is missing the following properties from type 'ProductUnit': product_id, is_base_unit, created_at
src/pages/PurchaseOrdersPage.tsx(1997,114): error TS2339: Property 'sku' does not exist on type 'ProductUnit'.
src/pages/PurchaseOrdersPage.tsx(2321,29): error TS2322: Type 'string | null | undefined' is not assignable to type 'string | undefined'.
  Type 'null' is not assignable to type 'string | undefined'.
src/pages/PurchaseOrdersPage.tsx(2323,29): error TS2322: Type 'string | null | undefined' is not assignable to type 'string | undefined'.
  Type 'null' is not assignable to type 'string | undefined'.
src/pages/PurchaseOrdersPage.tsx(2325,66): error TS2339: Property 'cost_price' does not exist on type 'ProductUnit'.
src/pages/PurchaseOrdersPage.tsx(2328,29): error TS2322: Type '{ id: string; unit_name: string; conversion_rate: number; } | undefined' is not assignable to type 'ProductUnit | undefined'.
  Type '{ id: string; unit_name: string; conversion_rate: number; }' is missing the following properties from type 'ProductUnit': product_id, is_base_unit, created_at
src/pages/RemindersPage.tsx(167,30): error TS18048: 'reminder.repeat_interval' is possibly 'undefined'.
src/pages/SettingsPage.tsx(1571,74): error TS2554: Expected 1 arguments, but got 2.
src/stores/posStore.ts(800,29): error TS2353: Object literal may only specify known properties, and 'total_point_sales' does not exist in type 'Partial<Pick<Shift, "total_cash_sales" | "total_card_sales" | "total_transfer_sales" | "total_debt_sales" | "total_expenses" | "total_returns">>'.
src/stores/purchaseOrderStore.ts(33,5): error TS2300: Duplicate identifier 'branch_name'.
src/stores/purchaseOrderStore.ts(34,5): error TS2300: Duplicate identifier 'import_cost'.
src/stores/purchaseOrderStore.ts(35,5): error TS2300: Duplicate identifier 'discount_value'.
src/stores/purchaseOrderStore.ts(36,5): error TS2300: Duplicate identifier 'branch_name'.
src/stores/purchaseOrderStore.ts(37,5): error TS2300: Duplicate identifier 'import_cost'.
src/stores/purchaseOrderStore.ts(38,5): error TS2300: Duplicate identifier 'discount_value'.
src/stores/purchaseOrderStore.ts(116,29): error TS1117: An object literal cannot have multiple properties with the same name.
src/stores/purchaseOrderStore.ts(117,29): error TS1117: An object literal cannot have multiple properties with the same name.
src/stores/reminderStore.ts(61,29): error TS2322: Type 'string | null' is not assignable to type 'string | undefined'.
  Type 'null' is not assignable to type 'string | undefined'.
src/stores/reminderStore.ts(63,29): error TS2322: Type 'number | null' is not assignable to type 'number | undefined'.
  Type 'null' is not assignable to type 'number | undefined'.
src/stores/reminderStore.ts(64,29): error TS2322: Type 'string | null' is not assignable to type 'string | undefined'.
  Type 'null' is not assignable to type 'string | undefined'.
src/stores/reminderStore.ts(65,29): error TS2322: Type 'number[] | null' is not assignable to type 'number[] | undefined'.
  Type 'null' is not assignable to type 'number[] | undefined'.
src/stores/reminderStore.ts(67,29): error TS2322: Type 'number | null' is not assignable to type 'number | undefined'.
  Type 'null' is not assignable to type 'number | undefined'.
src/stores/settingsStore.ts(508,9): error TS2741: Property 'showCustomerInfo' is missing in type '{ showReturnReason: true; showRefundAmount: true; enabled: boolean; paperWidth: "58mm" | "80mm" | "A5" | "A4"; showLogo: boolean; showBarcode: boolean; showQRCode: boolean; copies: number; autoPrint: boolean; }' but required in type 'ReturnReceiptConfig'.
